
Merging object attributes


Discarded input sections

 .group         0x00000000        0xc /var/folders/cv/r0pnbn655tscv14km9z_mc8h0000gn/T//ccn1yzYr.o
 .group         0x00000000        0xc /var/folders/cv/r0pnbn655tscv14km9z_mc8h0000gn/T//ccn1yzYr.o

Memory Configuration

Name             Origin             Length             Attributes
FLASH            0x08000000         0x00010000         xr
RAM              0x20000000         0x00005000         xrw
*default*        0x00000000         0xffffffff

Linker script and memory map

LOAD /var/folders/cv/r0pnbn655tscv14km9z_mc8h0000gn/T//ccn1yzYr.o
LOAD /var/folders/cv/r0pnbn655tscv14km9z_mc8h0000gn/T//ccmkS9cI.o
                0x20005000                        _stack_top = (ORIGIN (RAM) + LENGTH (RAM))

.text           0x08000000      0x14c
 *(.isr_vector)
 .isr_vector    0x08000000       0x40 /var/folders/cv/r0pnbn655tscv14km9z_mc8h0000gn/T//ccmkS9cI.o
 *(.text*)
 .text          0x08000040       0xc8 /var/folders/cv/r0pnbn655tscv14km9z_mc8h0000gn/T//ccn1yzYr.o
                0x08000040                main
 .text          0x08000108       0x44 /var/folders/cv/r0pnbn655tscv14km9z_mc8h0000gn/T//ccmkS9cI.o
                0x08000108                Reset_Handler
                0x08000134                Default_Handler
 *(.rodata*)

.glue_7         0x0800014c        0x0
 .glue_7        0x0800014c        0x0 linker stubs

.glue_7t        0x0800014c        0x0
 .glue_7t       0x0800014c        0x0 linker stubs

.vfp11_veneer   0x0800014c        0x0
 .vfp11_veneer  0x0800014c        0x0 linker stubs

.v4_bx          0x0800014c        0x0
 .v4_bx         0x0800014c        0x0 linker stubs

.iplt           0x0800014c        0x0
 .iplt          0x0800014c        0x0 /var/folders/cv/r0pnbn655tscv14km9z_mc8h0000gn/T//ccmkS9cI.o

.rel.dyn        0x0800014c        0x0
 .rel.iplt      0x0800014c        0x0 /var/folders/cv/r0pnbn655tscv14km9z_mc8h0000gn/T//ccmkS9cI.o

.data           0x20000000        0x0 load address 0x0800014c
                0x20000000                        _sdata = .
 *(.data*)
 .data          0x20000000        0x0 /var/folders/cv/r0pnbn655tscv14km9z_mc8h0000gn/T//ccn1yzYr.o
 .data          0x20000000        0x0 /var/folders/cv/r0pnbn655tscv14km9z_mc8h0000gn/T//ccmkS9cI.o
                0x20000000                        _edata = .
                0x0800014c                        _sidata = LOADADDR (.data)

.igot.plt       0x20000000        0x0 load address 0x0800014c
 .igot.plt      0x20000000        0x0 /var/folders/cv/r0pnbn655tscv14km9z_mc8h0000gn/T//ccmkS9cI.o

.bss            0x20000000        0x0 load address 0x0800014c
                0x20000000                        _sbss = .
 *(.bss*)
 .bss           0x20000000        0x0 /var/folders/cv/r0pnbn655tscv14km9z_mc8h0000gn/T//ccn1yzYr.o
 .bss           0x20000000        0x0 /var/folders/cv/r0pnbn655tscv14km9z_mc8h0000gn/T//ccmkS9cI.o
 *(COMMON)
                0x20000000                        _ebss = .
OUTPUT(blinky.elf elf32-littlearm)
LOAD linker stubs

.debug_info     0x00000000       0xe4
 .debug_info    0x00000000       0xb3 /var/folders/cv/r0pnbn655tscv14km9z_mc8h0000gn/T//ccn1yzYr.o
 .debug_info    0x000000b3       0x31 /var/folders/cv/r0pnbn655tscv14km9z_mc8h0000gn/T//ccmkS9cI.o

.debug_abbrev   0x00000000       0x97
 .debug_abbrev  0x00000000       0x6f /var/folders/cv/r0pnbn655tscv14km9z_mc8h0000gn/T//ccn1yzYr.o
 .debug_abbrev  0x0000006f       0x28 /var/folders/cv/r0pnbn655tscv14km9z_mc8h0000gn/T//ccmkS9cI.o

.debug_aranges  0x00000000       0x40
 .debug_aranges
                0x00000000       0x20 /var/folders/cv/r0pnbn655tscv14km9z_mc8h0000gn/T//ccn1yzYr.o
 .debug_aranges
                0x00000020       0x20 /var/folders/cv/r0pnbn655tscv14km9z_mc8h0000gn/T//ccmkS9cI.o

.debug_macro    0x00000000      0xe98
 .debug_macro   0x00000000       0x72 /var/folders/cv/r0pnbn655tscv14km9z_mc8h0000gn/T//ccn1yzYr.o
 .debug_macro   0x00000072      0xad8 /var/folders/cv/r0pnbn655tscv14km9z_mc8h0000gn/T//ccn1yzYr.o
 .debug_macro   0x00000b4a      0x34e /var/folders/cv/r0pnbn655tscv14km9z_mc8h0000gn/T//ccn1yzYr.o

.debug_line     0x00000000      0x176
 .debug_line    0x00000000      0x113 /var/folders/cv/r0pnbn655tscv14km9z_mc8h0000gn/T//ccn1yzYr.o
 .debug_line    0x00000113       0x63 /var/folders/cv/r0pnbn655tscv14km9z_mc8h0000gn/T//ccmkS9cI.o

.debug_str      0x00000000     0x3a25
 .debug_str     0x00000000     0x3a25 /var/folders/cv/r0pnbn655tscv14km9z_mc8h0000gn/T//ccn1yzYr.o
                               0x3b60 (size before relaxing)
 .debug_str     0x00003a25        0x0 /var/folders/cv/r0pnbn655tscv14km9z_mc8h0000gn/T//ccmkS9cI.o
                                 0x89 (size before relaxing)

.comment        0x00000000       0x12
 .comment       0x00000000       0x12 /var/folders/cv/r0pnbn655tscv14km9z_mc8h0000gn/T//ccn1yzYr.o
                                 0x13 (size before relaxing)

.ARM.attributes
                0x00000000       0x2b
 .ARM.attributes
                0x00000000       0x2d /var/folders/cv/r0pnbn655tscv14km9z_mc8h0000gn/T//ccn1yzYr.o
 .ARM.attributes
                0x0000002d       0x21 /var/folders/cv/r0pnbn655tscv14km9z_mc8h0000gn/T//ccmkS9cI.o

.debug_frame    0x00000000       0x6c
 .debug_frame   0x00000000       0x6c /var/folders/cv/r0pnbn655tscv14km9z_mc8h0000gn/T//ccn1yzYr.o

.debug_line_str
                0x00000000       0x6f
 .debug_line_str
                0x00000000       0x6f /var/folders/cv/r0pnbn655tscv14km9z_mc8h0000gn/T//ccmkS9cI.o
